[0.464s] Invoking command in '/home/ros2/ros2_ws/src/pincerRover/build/description': CMAKE_PREFIX_PATH=${CMAKE_PREFIX_PATH}:/home/ros2/ros2_ws/install/safety_field:/home/ros2/ros2_ws/install/ros_path_planning_py:/home/ros2/ros2_ws/install/ros2_aruco:/home/ros2/ros2_ws/install/python_test_ros2:/home/ros2/ros2_ws/install/manipulator:/home/ros2/ros2_ws/install/mpu6886:/home/ros2/ros2_ws/install/ackermann_drive_odom:/home/ros2/ros2_ws/install/ackermann_drive:/opt/ros/jazzy /usr/bin/cmake /home/ros2/ros2_ws/src/pincerRover/description -DCMAKE_INSTALL_PREFIX=/home/ros2/ros2_ws/src/pincerRover/install/description
[0.913s] -- The C compiler identification is GNU 13.3.0
[1.313s] -- The CXX compiler identification is GNU 13.3.0
[1.982s] -- Detecting C compiler ABI info
[2.271s] -- Detecting C compiler ABI info - done
[2.283s] -- Check for working C compiler: /usr/bin/cc - skipped
[2.283s] -- Detecting C compile features
[2.284s] -- Detecting C compile features - done
[2.361s] -- Detecting CXX compiler ABI info
[2.623s] -- Detecting CXX compiler ABI info - done
[2.633s] -- Check for working CXX compiler: /usr/bin/c++ - skipped
[2.633s] -- Detecting CXX compile features
[2.634s] -- Detecting CXX compile features - done
[2.661s] -- Found ament_cmake: 2.5.4 (/opt/ros/jazzy/share/ament_cmake/cmake)
[2.896s] -- Found Python3: /usr/bin/python3 (found version "3.12.3") found components: Interpreter 
[3.100s] -- Found ament_lint_auto: 0.17.3 (/opt/ros/jazzy/share/ament_lint_auto/cmake)
[3.241s] -- Added test 'flake8' to check Python code syntax and style conventions
[3.241s] -- Configured 'flake8' exclude dirs and/or files: 
[3.243s] -- Added test 'lint_cmake' to check CMake code style
[3.244s] -- Added test 'pep257' to check Python code against some of the docstring style conventions in PEP 257
[3.247s] -- Added test 'xmllint' to check XML markup files
[3.251s] -- Configuring done (2.8s)
[3.257s] -- Generating done (0.0s)
[3.259s] -- Build files have been written to: /home/ros2/ros2_ws/src/pincerRover/build/description
[3.264s] Invoked command in '/home/ros2/ros2_ws/src/pincerRover/build/description' returned '0': CMAKE_PREFIX_PATH=${CMAKE_PREFIX_PATH}:/home/ros2/ros2_ws/install/safety_field:/home/ros2/ros2_ws/install/ros_path_planning_py:/home/ros2/ros2_ws/install/ros2_aruco:/home/ros2/ros2_ws/install/python_test_ros2:/home/ros2/ros2_ws/install/manipulator:/home/ros2/ros2_ws/install/mpu6886:/home/ros2/ros2_ws/install/ackermann_drive_odom:/home/ros2/ros2_ws/install/ackermann_drive:/opt/ros/jazzy /usr/bin/cmake /home/ros2/ros2_ws/src/pincerRover/description -DCMAKE_INSTALL_PREFIX=/home/ros2/ros2_ws/src/pincerRover/install/description
[3.265s] Invoking command in '/home/ros2/ros2_ws/src/pincerRover/build/description': CMAKE_PREFIX_PATH=${CMAKE_PREFIX_PATH}:/home/ros2/ros2_ws/install/safety_field:/home/ros2/ros2_ws/install/ros_path_planning_py:/home/ros2/ros2_ws/install/ros2_aruco:/home/ros2/ros2_ws/install/python_test_ros2:/home/ros2/ros2_ws/install/manipulator:/home/ros2/ros2_ws/install/mpu6886:/home/ros2/ros2_ws/install/ackermann_drive_odom:/home/ros2/ros2_ws/install/ackermann_drive:/opt/ros/jazzy /usr/bin/cmake --build /home/ros2/ros2_ws/src/pincerRover/build/description -- -j12 -l12
[3.309s] Invoked command in '/home/ros2/ros2_ws/src/pincerRover/build/description' returned '0': CMAKE_PREFIX_PATH=${CMAKE_PREFIX_PATH}:/home/ros2/ros2_ws/install/safety_field:/home/ros2/ros2_ws/install/ros_path_planning_py:/home/ros2/ros2_ws/install/ros2_aruco:/home/ros2/ros2_ws/install/python_test_ros2:/home/ros2/ros2_ws/install/manipulator:/home/ros2/ros2_ws/install/mpu6886:/home/ros2/ros2_ws/install/ackermann_drive_odom:/home/ros2/ros2_ws/install/ackermann_drive:/opt/ros/jazzy /usr/bin/cmake --build /home/ros2/ros2_ws/src/pincerRover/build/description -- -j12 -l12
[3.320s] Invoking command in '/home/ros2/ros2_ws/src/pincerRover/build/description': CMAKE_PREFIX_PATH=${CMAKE_PREFIX_PATH}:/home/ros2/ros2_ws/install/safety_field:/home/ros2/ros2_ws/install/ros_path_planning_py:/home/ros2/ros2_ws/install/ros2_aruco:/home/ros2/ros2_ws/install/python_test_ros2:/home/ros2/ros2_ws/install/manipulator:/home/ros2/ros2_ws/install/mpu6886:/home/ros2/ros2_ws/install/ackermann_drive_odom:/home/ros2/ros2_ws/install/ackermann_drive:/opt/ros/jazzy /usr/bin/cmake --install /home/ros2/ros2_ws/src/pincerRover/build/description
[3.328s] -- Install configuration: ""
[3.329s] -- Installing: /home/ros2/ros2_ws/src/pincerRover/install/description/share/ament_index/resource_index/package_run_dependencies/description
[3.330s] -- Installing: /home/ros2/ros2_ws/src/pincerRover/install/description/share/ament_index/resource_index/parent_prefix_path/description
[3.330s] -- Installing: /home/ros2/ros2_ws/src/pincerRover/install/description/share/description/environment/ament_prefix_path.sh
[3.331s] -- Installing: /home/ros2/ros2_ws/src/pincerRover/install/description/share/description/environment/ament_prefix_path.dsv
[3.331s] -- Installing: /home/ros2/ros2_ws/src/pincerRover/install/description/share/description/environment/path.sh
[3.331s] -- Installing: /home/ros2/ros2_ws/src/pincerRover/install/description/share/description/environment/path.dsv
[3.331s] -- Installing: /home/ros2/ros2_ws/src/pincerRover/install/description/share/description/local_setup.bash
[3.332s] -- Installing: /home/ros2/ros2_ws/src/pincerRover/install/description/share/description/local_setup.sh
[3.332s] -- Installing: /home/ros2/ros2_ws/src/pincerRover/install/description/share/description/local_setup.zsh
[3.332s] -- Installing: /home/ros2/ros2_ws/src/pincerRover/install/description/share/description/local_setup.dsv
[3.332s] -- Installing: /home/ros2/ros2_ws/src/pincerRover/install/description/share/description/package.dsv
[3.332s] -- Installing: /home/ros2/ros2_ws/src/pincerRover/install/description/share/ament_index/resource_index/packages/description
[3.333s] -- Installing: /home/ros2/ros2_ws/src/pincerRover/install/description/share/description/cmake/descriptionConfig.cmake
[3.333s] -- Installing: /home/ros2/ros2_ws/src/pincerRover/install/description/share/description/cmake/descriptionConfig-version.cmake
[3.333s] -- Installing: /home/ros2/ros2_ws/src/pincerRover/install/description/share/description/package.xml
[3.335s] Invoked command in '/home/ros2/ros2_ws/src/pincerRover/build/description' returned '0': CMAKE_PREFIX_PATH=${CMAKE_PREFIX_PATH}:/home/ros2/ros2_ws/install/safety_field:/home/ros2/ros2_ws/install/ros_path_planning_py:/home/ros2/ros2_ws/install/ros2_aruco:/home/ros2/ros2_ws/install/python_test_ros2:/home/ros2/ros2_ws/install/manipulator:/home/ros2/ros2_ws/install/mpu6886:/home/ros2/ros2_ws/install/ackermann_drive_odom:/home/ros2/ros2_ws/install/ackermann_drive:/opt/ros/jazzy /usr/bin/cmake --install /home/ros2/ros2_ws/src/pincerRover/build/description
