running egg_info
creating ../../build/manipulator/manipulator.egg-info
writing ../../build/manipulator/manipulator.egg-info/PKG-INFO
writing dependency_links to ../../build/manipulator/manipulator.egg-info/dependency_links.txt
writing requirements to ../../build/manipulator/manipulator.egg-info/requires.txt
writing top-level names to ../../build/manipulator/manipulator.egg-info/top_level.txt
writing manifest file '../../build/manipulator/manipulator.egg-info/SOURCES.txt'
reading manifest file '../../build/manipulator/manipulator.egg-info/SOURCES.txt'
writing manifest file '../../build/manipulator/manipulator.egg-info/SOURCES.txt'
running build
running build_py
creating /home/ros2/ros2_ws/src/pincerRover/build/manipulator/build
creating /home/ros2/ros2_ws/src/pincerRover/build/manipulator/build/lib
creating /home/ros2/ros2_ws/src/pincerRover/build/manipulator/build/lib/manipulator
copying manipulator/__init__.py -> /home/ros2/ros2_ws/src/pincerRover/build/manipulator/build/lib/manipulator
running install
running install_lib
creating /home/ros2/ros2_ws/src/pincerRover/install/manipulator/lib/python3.12/site-packages/manipulator
copying /home/ros2/ros2_ws/src/pincerRover/build/manipulator/build/lib/manipulator/__init__.py -> /home/ros2/ros2_ws/src/pincerRover/install/manipulator/lib/python3.12/site-packages/manipulator
byte-compiling /home/ros2/ros2_ws/src/pincerRover/install/manipulator/lib/python3.12/site-packages/manipulator/__init__.py to __init__.cpython-312.pyc
running install_data
creating /home/ros2/ros2_ws/src/pincerRover/install/manipulator/share/ament_index
creating /home/ros2/ros2_ws/src/pincerRover/install/manipulator/share/ament_index/resource_index
creating /home/ros2/ros2_ws/src/pincerRover/install/manipulator/share/ament_index/resource_index/packages
copying resource/manipulator -> /home/ros2/ros2_ws/src/pincerRover/install/manipulator/share/ament_index/resource_index/packages
copying package.xml -> /home/ros2/ros2_ws/src/pincerRover/install/manipulator/share/manipulator
running install_egg_info
Copying ../../build/manipulator/manipulator.egg-info to /home/ros2/ros2_ws/src/pincerRover/install/manipulator/lib/python3.12/site-packages/manipulator-0.0.0-py3.12.egg-info
running install_scripts
writing list of installed files to '/home/ros2/ros2_ws/src/pincerRover/build/manipulator/install.log'
