running egg_info
creating ../../../build/ackermann_drive_servo_arm/ackermann_drive_servo_arm.egg-info
writing ../../../build/ackermann_drive_servo_arm/ackermann_drive_servo_arm.egg-info/PKG-INFO
writing dependency_links to ../../../build/ackermann_drive_servo_arm/ackermann_drive_servo_arm.egg-info/dependency_links.txt
writing entry points to ../../../build/ackermann_drive_servo_arm/ackermann_drive_servo_arm.egg-info/entry_points.txt
writing requirements to ../../../build/ackermann_drive_servo_arm/ackermann_drive_servo_arm.egg-info/requires.txt
writing top-level names to ../../../build/ackermann_drive_servo_arm/ackermann_drive_servo_arm.egg-info/top_level.txt
writing manifest file '../../../build/ackermann_drive_servo_arm/ackermann_drive_servo_arm.egg-info/SOURCES.txt'
reading manifest file '../../../build/ackermann_drive_servo_arm/ackermann_drive_servo_arm.egg-info/SOURCES.txt'
writing manifest file '../../../build/ackermann_drive_servo_arm/ackermann_drive_servo_arm.egg-info/SOURCES.txt'
running build
running build_py
creating /home/rpi5/pincer_ws/src/pincerRover/build/ackermann_drive_servo_arm/build
creating /home/rpi5/pincer_ws/src/pincerRover/build/ackermann_drive_servo_arm/build/lib
creating /home/rpi5/pincer_ws/src/pincerRover/build/ackermann_drive_servo_arm/build/lib/ackermann_drive_servo_arm
copying ackermann_drive_servo_arm/drive_servo.py -> /home/rpi5/pincer_ws/src/pincerRover/build/ackermann_drive_servo_arm/build/lib/ackermann_drive_servo_arm
copying ackermann_drive_servo_arm/__init__.py -> /home/rpi5/pincer_ws/src/pincerRover/build/ackermann_drive_servo_arm/build/lib/ackermann_drive_servo_arm
running install
running install_lib
creating /home/rpi5/pincer_ws/src/pincerRover/install/ackermann_drive_servo_arm/lib/python3.12/site-packages/ackermann_drive_servo_arm
copying /home/rpi5/pincer_ws/src/pincerRover/build/ackermann_drive_servo_arm/build/lib/ackermann_drive_servo_arm/drive_servo.py -> /home/rpi5/pincer_ws/src/pincerRover/install/ackermann_drive_servo_arm/lib/python3.12/site-packages/ackermann_drive_servo_arm
copying /home/rpi5/pincer_ws/src/pincerRover/build/ackermann_drive_servo_arm/build/lib/ackermann_drive_servo_arm/__init__.py -> /home/rpi5/pincer_ws/src/pincerRover/install/ackermann_drive_servo_arm/lib/python3.12/site-packages/ackermann_drive_servo_arm
byte-compiling /home/rpi5/pincer_ws/src/pincerRover/install/ackermann_drive_servo_arm/lib/python3.12/site-packages/ackermann_drive_servo_arm/drive_servo.py to drive_servo.cpython-312.pyc
byte-compiling /home/rpi5/pincer_ws/src/pincerRover/install/ackermann_drive_servo_arm/lib/python3.12/site-packages/ackermann_drive_servo_arm/__init__.py to __init__.cpython-312.pyc
running install_data
creating /home/rpi5/pincer_ws/src/pincerRover/install/ackermann_drive_servo_arm/share/ament_index
creating /home/rpi5/pincer_ws/src/pincerRover/install/ackermann_drive_servo_arm/share/ament_index/resource_index
creating /home/rpi5/pincer_ws/src/pincerRover/install/ackermann_drive_servo_arm/share/ament_index/resource_index/packages
copying resource/ackermann_drive_servo_arm -> /home/rpi5/pincer_ws/src/pincerRover/install/ackermann_drive_servo_arm/share/ament_index/resource_index/packages
copying package.xml -> /home/rpi5/pincer_ws/src/pincerRover/install/ackermann_drive_servo_arm/share/ackermann_drive_servo_arm
running install_egg_info
Copying ../../../build/ackermann_drive_servo_arm/ackermann_drive_servo_arm.egg-info to /home/rpi5/pincer_ws/src/pincerRover/install/ackermann_drive_servo_arm/lib/python3.12/site-packages/ackermann_drive_servo_arm-0.0.0-py3.12.egg-info
running install_scripts
Installing drive_servo_node script to /home/rpi5/pincer_ws/src/pincerRover/install/ackermann_drive_servo_arm/lib/ackermann_drive_servo_arm
writing list of installed files to '/home/rpi5/pincer_ws/src/pincerRover/build/ackermann_drive_servo_arm/install.log'
