[1.090s] Invoking command in '/home/rpi5/pincer_ws/src/pincerRover/systems/drivers/ackermann_drive_servo_arm': PYTHONPATH=/home/rpi5/pincer_ws/src/pincerRover/build/ackermann_drive_servo_arm/prefix_override:/usr/lib/python3/dist-packages/colcon_core/task/python/colcon_distutils_commands:/home/rpi5/pincer_ws/src/pincerRover/install/ackermann_drive_servo_arm/lib/python3.12/site-packages:${PYTHONPATH} /usr/bin/python3 -W ignore:setup.py install is deprecated -W ignore:easy_install command is deprecated setup.py egg_info --egg-base ../../../build/ackermann_drive_servo_arm build --build-base /home/rpi5/pincer_ws/src/pincerRover/build/ackermann_drive_servo_arm/build install --record /home/rpi5/pincer_ws/src/pincerRover/build/ackermann_drive_servo_arm/install.log --single-version-externally-managed install_data
[1.425s] running egg_info
[1.425s] creating ../../../build/ackermann_drive_servo_arm/ackermann_drive_servo_arm.egg-info
[1.448s] writing ../../../build/ackermann_drive_servo_arm/ackermann_drive_servo_arm.egg-info/PKG-INFO
[1.449s] writing dependency_links to ../../../build/ackermann_drive_servo_arm/ackermann_drive_servo_arm.egg-info/dependency_links.txt
[1.449s] writing entry points to ../../../build/ackermann_drive_servo_arm/ackermann_drive_servo_arm.egg-info/entry_points.txt
[1.449s] writing requirements to ../../../build/ackermann_drive_servo_arm/ackermann_drive_servo_arm.egg-info/requires.txt
[1.449s] writing top-level names to ../../../build/ackermann_drive_servo_arm/ackermann_drive_servo_arm.egg-info/top_level.txt
[1.450s] writing manifest file '../../../build/ackermann_drive_servo_arm/ackermann_drive_servo_arm.egg-info/SOURCES.txt'
[1.493s] reading manifest file '../../../build/ackermann_drive_servo_arm/ackermann_drive_servo_arm.egg-info/SOURCES.txt'
[1.494s] writing manifest file '../../../build/ackermann_drive_servo_arm/ackermann_drive_servo_arm.egg-info/SOURCES.txt'
[1.494s] running build
[1.494s] running build_py
[1.494s] creating /home/rpi5/pincer_ws/src/pincerRover/build/ackermann_drive_servo_arm/build
[1.495s] creating /home/rpi5/pincer_ws/src/pincerRover/build/ackermann_drive_servo_arm/build/lib
[1.495s] creating /home/rpi5/pincer_ws/src/pincerRover/build/ackermann_drive_servo_arm/build/lib/ackermann_drive_servo_arm
[1.495s] copying ackermann_drive_servo_arm/drive_servo.py -> /home/rpi5/pincer_ws/src/pincerRover/build/ackermann_drive_servo_arm/build/lib/ackermann_drive_servo_arm
[1.495s] copying ackermann_drive_servo_arm/__init__.py -> /home/rpi5/pincer_ws/src/pincerRover/build/ackermann_drive_servo_arm/build/lib/ackermann_drive_servo_arm
[1.495s] running install
[1.506s] running install_lib
[1.535s] creating /home/rpi5/pincer_ws/src/pincerRover/install/ackermann_drive_servo_arm/lib/python3.12/site-packages/ackermann_drive_servo_arm
[1.535s] copying /home/rpi5/pincer_ws/src/pincerRover/build/ackermann_drive_servo_arm/build/lib/ackermann_drive_servo_arm/drive_servo.py -> /home/rpi5/pincer_ws/src/pincerRover/install/ackermann_drive_servo_arm/lib/python3.12/site-packages/ackermann_drive_servo_arm
[1.536s] copying /home/rpi5/pincer_ws/src/pincerRover/build/ackermann_drive_servo_arm/build/lib/ackermann_drive_servo_arm/__init__.py -> /home/rpi5/pincer_ws/src/pincerRover/install/ackermann_drive_servo_arm/lib/python3.12/site-packages/ackermann_drive_servo_arm
[1.536s] byte-compiling /home/rpi5/pincer_ws/src/pincerRover/install/ackermann_drive_servo_arm/lib/python3.12/site-packages/ackermann_drive_servo_arm/drive_servo.py to drive_servo.cpython-312.pyc
[1.541s] byte-compiling /home/rpi5/pincer_ws/src/pincerRover/install/ackermann_drive_servo_arm/lib/python3.12/site-packages/ackermann_drive_servo_arm/__init__.py to __init__.cpython-312.pyc
[1.541s] running install_data
[1.541s] creating /home/rpi5/pincer_ws/src/pincerRover/install/ackermann_drive_servo_arm/share/ament_index
[1.544s] creating /home/rpi5/pincer_ws/src/pincerRover/install/ackermann_drive_servo_arm/share/ament_index/resource_index
[1.544s] creating /home/rpi5/pincer_ws/src/pincerRover/install/ackermann_drive_servo_arm/share/ament_index/resource_index/packages
[1.545s] copying resource/ackermann_drive_servo_arm -> /home/rpi5/pincer_ws/src/pincerRover/install/ackermann_drive_servo_arm/share/ament_index/resource_index/packages
[1.545s] copying package.xml -> /home/rpi5/pincer_ws/src/pincerRover/install/ackermann_drive_servo_arm/share/ackermann_drive_servo_arm
[1.545s] running install_egg_info
[1.596s] Copying ../../../build/ackermann_drive_servo_arm/ackermann_drive_servo_arm.egg-info to /home/rpi5/pincer_ws/src/pincerRover/install/ackermann_drive_servo_arm/lib/python3.12/site-packages/ackermann_drive_servo_arm-0.0.0-py3.12.egg-info
[1.599s] running install_scripts
[1.785s] Installing drive_servo_node script to /home/rpi5/pincer_ws/src/pincerRover/install/ackermann_drive_servo_arm/lib/ackermann_drive_servo_arm
[1.786s] writing list of installed files to '/home/rpi5/pincer_ws/src/pincerRover/build/ackermann_drive_servo_arm/install.log'
[1.870s] Invoked command in '/home/rpi5/pincer_ws/src/pincerRover/systems/drivers/ackermann_drive_servo_arm' returned '0': PYTHONPATH=/home/rpi5/pincer_ws/src/pincerRover/build/ackermann_drive_servo_arm/prefix_override:/usr/lib/python3/dist-packages/colcon_core/task/python/colcon_distutils_commands:/home/rpi5/pincer_ws/src/pincerRover/install/ackermann_drive_servo_arm/lib/python3.12/site-packages:${PYTHONPATH} /usr/bin/python3 -W ignore:setup.py install is deprecated -W ignore:easy_install command is deprecated setup.py egg_info --egg-base ../../../build/ackermann_drive_servo_arm build --build-base /home/rpi5/pincer_ws/src/pincerRover/build/ackermann_drive_servo_arm/build install --record /home/rpi5/pincer_ws/src/pincerRover/build/ackermann_drive_servo_arm/install.log --single-version-externally-managed install_data
