running egg_info
creating ../../../build/mpu6886/mpu6886.egg-info
writing ../../../build/mpu6886/mpu6886.egg-info/PKG-INFO
writing dependency_links to ../../../build/mpu6886/mpu6886.egg-info/dependency_links.txt
writing entry points to ../../../build/mpu6886/mpu6886.egg-info/entry_points.txt
writing requirements to ../../../build/mpu6886/mpu6886.egg-info/requires.txt
writing top-level names to ../../../build/mpu6886/mpu6886.egg-info/top_level.txt
writing manifest file '../../../build/mpu6886/mpu6886.egg-info/SOURCES.txt'
reading manifest file '../../../build/mpu6886/mpu6886.egg-info/SOURCES.txt'
writing manifest file '../../../build/mpu6886/mpu6886.egg-info/SOURCES.txt'
running build
running build_py
creating /home/ros2/ros2_ws/src/pincerRover/build/mpu6886/build
creating /home/ros2/ros2_ws/src/pincerRover/build/mpu6886/build/lib
creating /home/ros2/ros2_ws/src/pincerRover/build/mpu6886/build/lib/mpu6886
copying mpu6886/imu_node.py -> /home/ros2/ros2_ws/src/pincerRover/build/mpu6886/build/lib/mpu6886
copying mpu6886/__init__.py -> /home/ros2/ros2_ws/src/pincerRover/build/mpu6886/build/lib/mpu6886
running install
running install_lib
creating /home/ros2/ros2_ws/src/pincerRover/install/mpu6886/lib/python3.12/site-packages/mpu6886
copying /home/ros2/ros2_ws/src/pincerRover/build/mpu6886/build/lib/mpu6886/imu_node.py -> /home/ros2/ros2_ws/src/pincerRover/install/mpu6886/lib/python3.12/site-packages/mpu6886
copying /home/ros2/ros2_ws/src/pincerRover/build/mpu6886/build/lib/mpu6886/__init__.py -> /home/ros2/ros2_ws/src/pincerRover/install/mpu6886/lib/python3.12/site-packages/mpu6886
byte-compiling /home/ros2/ros2_ws/src/pincerRover/install/mpu6886/lib/python3.12/site-packages/mpu6886/imu_node.py to imu_node.cpython-312.pyc
byte-compiling /home/ros2/ros2_ws/src/pincerRover/install/mpu6886/lib/python3.12/site-packages/mpu6886/__init__.py to __init__.cpython-312.pyc
running install_data
creating /home/ros2/ros2_ws/src/pincerRover/install/mpu6886/share/ament_index
creating /home/ros2/ros2_ws/src/pincerRover/install/mpu6886/share/ament_index/resource_index
creating /home/ros2/ros2_ws/src/pincerRover/install/mpu6886/share/ament_index/resource_index/packages
copying resource/mpu6886 -> /home/ros2/ros2_ws/src/pincerRover/install/mpu6886/share/ament_index/resource_index/packages
copying package.xml -> /home/ros2/ros2_ws/src/pincerRover/install/mpu6886/share/mpu6886
running install_egg_info
Copying ../../../build/mpu6886/mpu6886.egg-info to /home/ros2/ros2_ws/src/pincerRover/install/mpu6886/lib/python3.12/site-packages/mpu6886-0.0.0-py3.12.egg-info
running install_scripts
Installing imu_node script to /home/ros2/ros2_ws/src/pincerRover/install/mpu6886/lib/mpu6886
writing list of installed files to '/home/ros2/ros2_ws/src/pincerRover/build/mpu6886/install.log'
