[2.170s] Invoking command in '/home/ros2/ros2_ws/src/pincerRover/systems/ros2_drivers/mpu6886': PYTHONPATH=/home/ros2/ros2_ws/src/pincerRover/build/mpu6886/prefix_override:/usr/lib/python3/dist-packages/colcon_core/task/python/colcon_distutils_commands:/home/ros2/ros2_ws/src/pincerRover/install/mpu6886/lib/python3.12/site-packages:${PYTHONPATH} /usr/bin/python3 -W ignore:setup.py install is deprecated -W ignore:easy_install command is deprecated setup.py egg_info --egg-base ../../../build/mpu6886 build --build-base /home/ros2/ros2_ws/src/pincerRover/build/mpu6886/build install --record /home/ros2/ros2_ws/src/pincerRover/build/mpu6886/install.log --single-version-externally-managed install_data
[2.523s] running egg_info
[2.523s] creating ../../../build/mpu6886/mpu6886.egg-info
[2.560s] writing ../../../build/mpu6886/mpu6886.egg-info/PKG-INFO
[2.560s] writing dependency_links to ../../../build/mpu6886/mpu6886.egg-info/dependency_links.txt
[2.560s] writing entry points to ../../../build/mpu6886/mpu6886.egg-info/entry_points.txt
[2.561s] writing requirements to ../../../build/mpu6886/mpu6886.egg-info/requires.txt
[2.561s] writing top-level names to ../../../build/mpu6886/mpu6886.egg-info/top_level.txt
[2.561s] writing manifest file '../../../build/mpu6886/mpu6886.egg-info/SOURCES.txt'
[2.629s] reading manifest file '../../../build/mpu6886/mpu6886.egg-info/SOURCES.txt'
[2.630s] writing manifest file '../../../build/mpu6886/mpu6886.egg-info/SOURCES.txt'
[2.630s] running build
[2.630s] running build_py
[2.631s] creating /home/ros2/ros2_ws/src/pincerRover/build/mpu6886/build
[2.631s] creating /home/ros2/ros2_ws/src/pincerRover/build/mpu6886/build/lib
[2.632s] creating /home/ros2/ros2_ws/src/pincerRover/build/mpu6886/build/lib/mpu6886
[2.632s] copying mpu6886/imu_node.py -> /home/ros2/ros2_ws/src/pincerRover/build/mpu6886/build/lib/mpu6886
[2.633s] copying mpu6886/__init__.py -> /home/ros2/ros2_ws/src/pincerRover/build/mpu6886/build/lib/mpu6886
[2.633s] running install
[2.639s] running install_lib
[2.669s] creating /home/ros2/ros2_ws/src/pincerRover/install/mpu6886/lib/python3.12/site-packages/mpu6886
[2.669s] copying /home/ros2/ros2_ws/src/pincerRover/build/mpu6886/build/lib/mpu6886/imu_node.py -> /home/ros2/ros2_ws/src/pincerRover/install/mpu6886/lib/python3.12/site-packages/mpu6886
[2.670s] copying /home/ros2/ros2_ws/src/pincerRover/build/mpu6886/build/lib/mpu6886/__init__.py -> /home/ros2/ros2_ws/src/pincerRover/install/mpu6886/lib/python3.12/site-packages/mpu6886
[2.670s] byte-compiling /home/ros2/ros2_ws/src/pincerRover/install/mpu6886/lib/python3.12/site-packages/mpu6886/imu_node.py to imu_node.cpython-312.pyc
[2.672s] byte-compiling /home/ros2/ros2_ws/src/pincerRover/install/mpu6886/lib/python3.12/site-packages/mpu6886/__init__.py to __init__.cpython-312.pyc
[2.672s] running install_data
[2.673s] creating /home/ros2/ros2_ws/src/pincerRover/install/mpu6886/share/ament_index
[2.673s] creating /home/ros2/ros2_ws/src/pincerRover/install/mpu6886/share/ament_index/resource_index
[2.673s] creating /home/ros2/ros2_ws/src/pincerRover/install/mpu6886/share/ament_index/resource_index/packages
[2.674s] copying resource/mpu6886 -> /home/ros2/ros2_ws/src/pincerRover/install/mpu6886/share/ament_index/resource_index/packages
[2.674s] copying package.xml -> /home/ros2/ros2_ws/src/pincerRover/install/mpu6886/share/mpu6886
[2.674s] running install_egg_info
[2.706s] Copying ../../../build/mpu6886/mpu6886.egg-info to /home/ros2/ros2_ws/src/pincerRover/install/mpu6886/lib/python3.12/site-packages/mpu6886-0.0.0-py3.12.egg-info
[2.708s] running install_scripts
[2.890s] Installing imu_node script to /home/ros2/ros2_ws/src/pincerRover/install/mpu6886/lib/mpu6886
[2.891s] writing list of installed files to '/home/ros2/ros2_ws/src/pincerRover/build/mpu6886/install.log'
[2.941s] Invoked command in '/home/ros2/ros2_ws/src/pincerRover/systems/ros2_drivers/mpu6886' returned '0': PYTHONPATH=/home/ros2/ros2_ws/src/pincerRover/build/mpu6886/prefix_override:/usr/lib/python3/dist-packages/colcon_core/task/python/colcon_distutils_commands:/home/ros2/ros2_ws/src/pincerRover/install/mpu6886/lib/python3.12/site-packages:${PYTHONPATH} /usr/bin/python3 -W ignore:setup.py install is deprecated -W ignore:easy_install command is deprecated setup.py egg_info --egg-base ../../../build/mpu6886 build --build-base /home/ros2/ros2_ws/src/pincerRover/build/mpu6886/build install --record /home/ros2/ros2_ws/src/pincerRover/build/mpu6886/install.log --single-version-externally-managed install_data
