running egg_info
creating ../../../build/ackermann_drive_odom/ackermann_drive_odom.egg-info
writing ../../../build/ackermann_drive_odom/ackermann_drive_odom.egg-info/PKG-INFO
writing dependency_links to ../../../build/ackermann_drive_odom/ackermann_drive_odom.egg-info/dependency_links.txt
writing entry points to ../../../build/ackermann_drive_odom/ackermann_drive_odom.egg-info/entry_points.txt
writing requirements to ../../../build/ackermann_drive_odom/ackermann_drive_odom.egg-info/requires.txt
writing top-level names to ../../../build/ackermann_drive_odom/ackermann_drive_odom.egg-info/top_level.txt
writing manifest file '../../../build/ackermann_drive_odom/ackermann_drive_odom.egg-info/SOURCES.txt'
reading manifest file '../../../build/ackermann_drive_odom/ackermann_drive_odom.egg-info/SOURCES.txt'
writing manifest file '../../../build/ackermann_drive_odom/ackermann_drive_odom.egg-info/SOURCES.txt'
running build
running build_py
creating /home/ros2/ros2_ws/src/pincerRover/build/ackermann_drive_odom/build
creating /home/ros2/ros2_ws/src/pincerRover/build/ackermann_drive_odom/build/lib
creating /home/ros2/ros2_ws/src/pincerRover/build/ackermann_drive_odom/build/lib/ackermann_drive_odom
copying ackermann_drive_odom/__init__.py -> /home/ros2/ros2_ws/src/pincerRover/build/ackermann_drive_odom/build/lib/ackermann_drive_odom
copying ackermann_drive_odom/drive_odom.py -> /home/ros2/ros2_ws/src/pincerRover/build/ackermann_drive_odom/build/lib/ackermann_drive_odom
running install
running install_lib
creating /home/ros2/ros2_ws/src/pincerRover/install/ackermann_drive_odom/lib/python3.12/site-packages/ackermann_drive_odom
copying /home/ros2/ros2_ws/src/pincerRover/build/ackermann_drive_odom/build/lib/ackermann_drive_odom/__init__.py -> /home/ros2/ros2_ws/src/pincerRover/install/ackermann_drive_odom/lib/python3.12/site-packages/ackermann_drive_odom
copying /home/ros2/ros2_ws/src/pincerRover/build/ackermann_drive_odom/build/lib/ackermann_drive_odom/drive_odom.py -> /home/ros2/ros2_ws/src/pincerRover/install/ackermann_drive_odom/lib/python3.12/site-packages/ackermann_drive_odom
byte-compiling /home/ros2/ros2_ws/src/pincerRover/install/ackermann_drive_odom/lib/python3.12/site-packages/ackermann_drive_odom/__init__.py to __init__.cpython-312.pyc
byte-compiling /home/ros2/ros2_ws/src/pincerRover/install/ackermann_drive_odom/lib/python3.12/site-packages/ackermann_drive_odom/drive_odom.py to drive_odom.cpython-312.pyc
running install_data
creating /home/ros2/ros2_ws/src/pincerRover/install/ackermann_drive_odom/share/ament_index
creating /home/ros2/ros2_ws/src/pincerRover/install/ackermann_drive_odom/share/ament_index/resource_index
creating /home/ros2/ros2_ws/src/pincerRover/install/ackermann_drive_odom/share/ament_index/resource_index/packages
copying resource/ackermann_drive_odom -> /home/ros2/ros2_ws/src/pincerRover/install/ackermann_drive_odom/share/ament_index/resource_index/packages
copying package.xml -> /home/ros2/ros2_ws/src/pincerRover/install/ackermann_drive_odom/share/ackermann_drive_odom
running install_egg_info
Copying ../../../build/ackermann_drive_odom/ackermann_drive_odom.egg-info to /home/ros2/ros2_ws/src/pincerRover/install/ackermann_drive_odom/lib/python3.12/site-packages/ackermann_drive_odom-0.0.0-py3.12.egg-info
running install_scripts
Installing drive_node script to /home/ros2/ros2_ws/src/pincerRover/install/ackermann_drive_odom/lib/ackermann_drive_odom
writing list of installed files to '/home/ros2/ros2_ws/src/pincerRover/build/ackermann_drive_odom/install.log'
