[2.216s] Invoking command in '/home/ros2/ros2_ws/src/pincerRover/systems/ros2_drivers/ackermann_drive_odom': PYTHONPATH=/home/ros2/ros2_ws/src/pincerRover/build/ackermann_drive_odom/prefix_override:/usr/lib/python3/dist-packages/colcon_core/task/python/colcon_distutils_commands:/home/ros2/ros2_ws/src/pincerRover/install/ackermann_drive_odom/lib/python3.12/site-packages:${PYTHONPATH} /usr/bin/python3 -W ignore:setup.py install is deprecated -W ignore:easy_install command is deprecated setup.py egg_info --egg-base ../../../build/ackermann_drive_odom build --build-base /home/ros2/ros2_ws/src/pincerRover/build/ackermann_drive_odom/build install --record /home/ros2/ros2_ws/src/pincerRover/build/ackermann_drive_odom/install.log --single-version-externally-managed install_data
[2.610s] running egg_info
[2.610s] creating ../../../build/ackermann_drive_odom/ackermann_drive_odom.egg-info
[2.637s] writing ../../../build/ackermann_drive_odom/ackermann_drive_odom.egg-info/PKG-INFO
[2.637s] writing dependency_links to ../../../build/ackermann_drive_odom/ackermann_drive_odom.egg-info/dependency_links.txt
[2.637s] writing entry points to ../../../build/ackermann_drive_odom/ackermann_drive_odom.egg-info/entry_points.txt
[2.638s] writing requirements to ../../../build/ackermann_drive_odom/ackermann_drive_odom.egg-info/requires.txt
[2.638s] writing top-level names to ../../../build/ackermann_drive_odom/ackermann_drive_odom.egg-info/top_level.txt
[2.638s] writing manifest file '../../../build/ackermann_drive_odom/ackermann_drive_odom.egg-info/SOURCES.txt'
[2.700s] reading manifest file '../../../build/ackermann_drive_odom/ackermann_drive_odom.egg-info/SOURCES.txt'
[2.701s] writing manifest file '../../../build/ackermann_drive_odom/ackermann_drive_odom.egg-info/SOURCES.txt'
[2.701s] running build
[2.701s] running build_py
[2.701s] creating /home/ros2/ros2_ws/src/pincerRover/build/ackermann_drive_odom/build
[2.702s] creating /home/ros2/ros2_ws/src/pincerRover/build/ackermann_drive_odom/build/lib
[2.702s] creating /home/ros2/ros2_ws/src/pincerRover/build/ackermann_drive_odom/build/lib/ackermann_drive_odom
[2.702s] copying ackermann_drive_odom/__init__.py -> /home/ros2/ros2_ws/src/pincerRover/build/ackermann_drive_odom/build/lib/ackermann_drive_odom
[2.702s] copying ackermann_drive_odom/drive_odom.py -> /home/ros2/ros2_ws/src/pincerRover/build/ackermann_drive_odom/build/lib/ackermann_drive_odom
[2.703s] running install
[2.710s] running install_lib
[2.738s] creating /home/ros2/ros2_ws/src/pincerRover/install/ackermann_drive_odom/lib/python3.12/site-packages/ackermann_drive_odom
[2.739s] copying /home/ros2/ros2_ws/src/pincerRover/build/ackermann_drive_odom/build/lib/ackermann_drive_odom/__init__.py -> /home/ros2/ros2_ws/src/pincerRover/install/ackermann_drive_odom/lib/python3.12/site-packages/ackermann_drive_odom
[2.740s] copying /home/ros2/ros2_ws/src/pincerRover/build/ackermann_drive_odom/build/lib/ackermann_drive_odom/drive_odom.py -> /home/ros2/ros2_ws/src/pincerRover/install/ackermann_drive_odom/lib/python3.12/site-packages/ackermann_drive_odom
[2.740s] byte-compiling /home/ros2/ros2_ws/src/pincerRover/install/ackermann_drive_odom/lib/python3.12/site-packages/ackermann_drive_odom/__init__.py to __init__.cpython-312.pyc
[2.741s] byte-compiling /home/ros2/ros2_ws/src/pincerRover/install/ackermann_drive_odom/lib/python3.12/site-packages/ackermann_drive_odom/drive_odom.py to drive_odom.cpython-312.pyc
[2.743s] running install_data
[2.743s] creating /home/ros2/ros2_ws/src/pincerRover/install/ackermann_drive_odom/share/ament_index
[2.744s] creating /home/ros2/ros2_ws/src/pincerRover/install/ackermann_drive_odom/share/ament_index/resource_index
[2.744s] creating /home/ros2/ros2_ws/src/pincerRover/install/ackermann_drive_odom/share/ament_index/resource_index/packages
[2.745s] copying resource/ackermann_drive_odom -> /home/ros2/ros2_ws/src/pincerRover/install/ackermann_drive_odom/share/ament_index/resource_index/packages
[2.745s] copying package.xml -> /home/ros2/ros2_ws/src/pincerRover/install/ackermann_drive_odom/share/ackermann_drive_odom
[2.745s] running install_egg_info
[2.774s] Copying ../../../build/ackermann_drive_odom/ackermann_drive_odom.egg-info to /home/ros2/ros2_ws/src/pincerRover/install/ackermann_drive_odom/lib/python3.12/site-packages/ackermann_drive_odom-0.0.0-py3.12.egg-info
[2.775s] running install_scripts
[2.941s] Installing drive_node script to /home/ros2/ros2_ws/src/pincerRover/install/ackermann_drive_odom/lib/ackermann_drive_odom
[2.943s] writing list of installed files to '/home/ros2/ros2_ws/src/pincerRover/build/ackermann_drive_odom/install.log'
[3.021s] Invoked command in '/home/ros2/ros2_ws/src/pincerRover/systems/ros2_drivers/ackermann_drive_odom' returned '0': PYTHONPATH=/home/ros2/ros2_ws/src/pincerRover/build/ackermann_drive_odom/prefix_override:/usr/lib/python3/dist-packages/colcon_core/task/python/colcon_distutils_commands:/home/ros2/ros2_ws/src/pincerRover/install/ackermann_drive_odom/lib/python3.12/site-packages:${PYTHONPATH} /usr/bin/python3 -W ignore:setup.py install is deprecated -W ignore:easy_install command is deprecated setup.py egg_info --egg-base ../../../build/ackermann_drive_odom build --build-base /home/ros2/ros2_ws/src/pincerRover/build/ackermann_drive_odom/build install --record /home/ros2/ros2_ws/src/pincerRover/build/ackermann_drive_odom/install.log --single-version-externally-managed install_data
