running egg_info
creating ../../../build/safety_field/safety_field.egg-info
writing ../../../build/safety_field/safety_field.egg-info/PKG-INFO
writing dependency_links to ../../../build/safety_field/safety_field.egg-info/dependency_links.txt
writing entry points to ../../../build/safety_field/safety_field.egg-info/entry_points.txt
writing requirements to ../../../build/safety_field/safety_field.egg-info/requires.txt
writing top-level names to ../../../build/safety_field/safety_field.egg-info/top_level.txt
writing manifest file '../../../build/safety_field/safety_field.egg-info/SOURCES.txt'
reading manifest file '../../../build/safety_field/safety_field.egg-info/SOURCES.txt'
writing manifest file '../../../build/safety_field/safety_field.egg-info/SOURCES.txt'
running build
running build_py
creating /home/ros2/ros2_ws/src/pincerRover/build/safety_field/build
creating /home/ros2/ros2_ws/src/pincerRover/build/safety_field/build/lib
creating /home/ros2/ros2_ws/src/pincerRover/build/safety_field/build/lib/safety_field
copying safety_field/safety.py -> /home/ros2/ros2_ws/src/pincerRover/build/safety_field/build/lib/safety_field
copying safety_field/__init__.py -> /home/ros2/ros2_ws/src/pincerRover/build/safety_field/build/lib/safety_field
running install
running install_lib
creating /home/ros2/ros2_ws/src/pincerRover/install/safety_field/lib/python3.12/site-packages/safety_field
copying /home/ros2/ros2_ws/src/pincerRover/build/safety_field/build/lib/safety_field/safety.py -> /home/ros2/ros2_ws/src/pincerRover/install/safety_field/lib/python3.12/site-packages/safety_field
copying /home/ros2/ros2_ws/src/pincerRover/build/safety_field/build/lib/safety_field/__init__.py -> /home/ros2/ros2_ws/src/pincerRover/install/safety_field/lib/python3.12/site-packages/safety_field
byte-compiling /home/ros2/ros2_ws/src/pincerRover/install/safety_field/lib/python3.12/site-packages/safety_field/safety.py to safety.cpython-312.pyc
byte-compiling /home/ros2/ros2_ws/src/pincerRover/install/safety_field/lib/python3.12/site-packages/safety_field/__init__.py to __init__.cpython-312.pyc
running install_data
creating /home/ros2/ros2_ws/src/pincerRover/install/safety_field/share/ament_index
creating /home/ros2/ros2_ws/src/pincerRover/install/safety_field/share/ament_index/resource_index
creating /home/ros2/ros2_ws/src/pincerRover/install/safety_field/share/ament_index/resource_index/packages
copying resource/safety_field -> /home/ros2/ros2_ws/src/pincerRover/install/safety_field/share/ament_index/resource_index/packages
copying package.xml -> /home/ros2/ros2_ws/src/pincerRover/install/safety_field/share/safety_field
running install_egg_info
Copying ../../../build/safety_field/safety_field.egg-info to /home/ros2/ros2_ws/src/pincerRover/install/safety_field/lib/python3.12/site-packages/safety_field-0.0.0-py3.12.egg-info
running install_scripts
Installing safety_node script to /home/ros2/ros2_ws/src/pincerRover/install/safety_field/lib/safety_field
writing list of installed files to '/home/ros2/ros2_ws/src/pincerRover/build/safety_field/install.log'
