[2.212s] Invoking command in '/home/ros2/ros2_ws/src/pincerRover/systems/safety/safety_field': PYTHONPATH=/home/ros2/ros2_ws/src/pincerRover/build/safety_field/prefix_override:/usr/lib/python3/dist-packages/colcon_core/task/python/colcon_distutils_commands:/home/ros2/ros2_ws/src/pincerRover/install/safety_field/lib/python3.12/site-packages:${PYTHONPATH} /usr/bin/python3 -W ignore:setup.py install is deprecated -W ignore:easy_install command is deprecated setup.py egg_info --egg-base ../../../build/safety_field build --build-base /home/ros2/ros2_ws/src/pincerRover/build/safety_field/build install --record /home/ros2/ros2_ws/src/pincerRover/build/safety_field/install.log --single-version-externally-managed install_data
[2.567s] running egg_info
[2.567s] creating ../../../build/safety_field/safety_field.egg-info
[2.593s] writing ../../../build/safety_field/safety_field.egg-info/PKG-INFO
[2.593s] writing dependency_links to ../../../build/safety_field/safety_field.egg-info/dependency_links.txt
[2.594s] writing entry points to ../../../build/safety_field/safety_field.egg-info/entry_points.txt
[2.594s] writing requirements to ../../../build/safety_field/safety_field.egg-info/requires.txt
[2.594s] writing top-level names to ../../../build/safety_field/safety_field.egg-info/top_level.txt
[2.595s] writing manifest file '../../../build/safety_field/safety_field.egg-info/SOURCES.txt'
[2.650s] reading manifest file '../../../build/safety_field/safety_field.egg-info/SOURCES.txt'
[2.651s] writing manifest file '../../../build/safety_field/safety_field.egg-info/SOURCES.txt'
[2.652s] running build
[2.652s] running build_py
[2.652s] creating /home/ros2/ros2_ws/src/pincerRover/build/safety_field/build
[2.653s] creating /home/ros2/ros2_ws/src/pincerRover/build/safety_field/build/lib
[2.653s] creating /home/ros2/ros2_ws/src/pincerRover/build/safety_field/build/lib/safety_field
[2.654s] copying safety_field/safety.py -> /home/ros2/ros2_ws/src/pincerRover/build/safety_field/build/lib/safety_field
[2.654s] copying safety_field/__init__.py -> /home/ros2/ros2_ws/src/pincerRover/build/safety_field/build/lib/safety_field
[2.654s] running install
[2.661s] running install_lib
[2.694s] creating /home/ros2/ros2_ws/src/pincerRover/install/safety_field/lib/python3.12/site-packages/safety_field
[2.695s] copying /home/ros2/ros2_ws/src/pincerRover/build/safety_field/build/lib/safety_field/safety.py -> /home/ros2/ros2_ws/src/pincerRover/install/safety_field/lib/python3.12/site-packages/safety_field
[2.695s] copying /home/ros2/ros2_ws/src/pincerRover/build/safety_field/build/lib/safety_field/__init__.py -> /home/ros2/ros2_ws/src/pincerRover/install/safety_field/lib/python3.12/site-packages/safety_field
[2.696s] byte-compiling /home/ros2/ros2_ws/src/pincerRover/install/safety_field/lib/python3.12/site-packages/safety_field/safety.py to safety.cpython-312.pyc
[2.696s] byte-compiling /home/ros2/ros2_ws/src/pincerRover/install/safety_field/lib/python3.12/site-packages/safety_field/__init__.py to __init__.cpython-312.pyc
[2.696s] running install_data
[2.697s] creating /home/ros2/ros2_ws/src/pincerRover/install/safety_field/share/ament_index
[2.697s] creating /home/ros2/ros2_ws/src/pincerRover/install/safety_field/share/ament_index/resource_index
[2.697s] creating /home/ros2/ros2_ws/src/pincerRover/install/safety_field/share/ament_index/resource_index/packages
[2.698s] copying resource/safety_field -> /home/ros2/ros2_ws/src/pincerRover/install/safety_field/share/ament_index/resource_index/packages
[2.698s] copying package.xml -> /home/ros2/ros2_ws/src/pincerRover/install/safety_field/share/safety_field
[2.698s] running install_egg_info
[2.732s] Copying ../../../build/safety_field/safety_field.egg-info to /home/ros2/ros2_ws/src/pincerRover/install/safety_field/lib/python3.12/site-packages/safety_field-0.0.0-py3.12.egg-info
[2.734s] running install_scripts
[2.893s] Installing safety_node script to /home/ros2/ros2_ws/src/pincerRover/install/safety_field/lib/safety_field
[2.894s] writing list of installed files to '/home/ros2/ros2_ws/src/pincerRover/build/safety_field/install.log'
[2.975s] Invoked command in '/home/ros2/ros2_ws/src/pincerRover/systems/safety/safety_field' returned '0': PYTHONPATH=/home/ros2/ros2_ws/src/pincerRover/build/safety_field/prefix_override:/usr/lib/python3/dist-packages/colcon_core/task/python/colcon_distutils_commands:/home/ros2/ros2_ws/src/pincerRover/install/safety_field/lib/python3.12/site-packages:${PYTHONPATH} /usr/bin/python3 -W ignore:setup.py install is deprecated -W ignore:easy_install command is deprecated setup.py egg_info --egg-base ../../../build/safety_field build --build-base /home/ros2/ros2_ws/src/pincerRover/build/safety_field/build install --record /home/ros2/ros2_ws/src/pincerRover/build/safety_field/install.log --single-version-externally-managed install_data
