[0.461s] Invoking command in '/home/ros2/ros2_ws/src/pincerRover/build/bringup': CMAKE_PREFIX_PATH=${CMAKE_PREFIX_PATH}:/home/ros2/ros2_ws/install/safety_field:/home/ros2/ros2_ws/install/ros_path_planning_py:/home/ros2/ros2_ws/install/ros2_aruco:/home/ros2/ros2_ws/install/python_test_ros2:/home/ros2/ros2_ws/install/manipulator:/home/ros2/ros2_ws/install/mpu6886:/home/ros2/ros2_ws/install/ackermann_drive_odom:/home/ros2/ros2_ws/install/ackermann_drive:/opt/ros/jazzy /usr/bin/cmake /home/ros2/ros2_ws/src/pincerRover/bringup -DCMAKE_INSTALL_PREFIX=/home/ros2/ros2_ws/src/pincerRover/install/bringup
[0.915s] -- The C compiler identification is GNU 13.3.0
[1.316s] -- The CXX compiler identification is GNU 13.3.0
[1.986s] -- Detecting C compiler ABI info
[2.278s] -- Detecting C compiler ABI info - done
[2.287s] -- Check for working C compiler: /usr/bin/cc - skipped
[2.288s] -- Detecting C compile features
[2.288s] -- Detecting C compile features - done
[2.366s] -- Detecting CXX compiler ABI info
[2.642s] -- Detecting CXX compiler ABI info - done
[2.658s] -- Check for working CXX compiler: /usr/bin/c++ - skipped
[2.658s] -- Detecting CXX compile features
[2.659s] -- Detecting CXX compile features - done
[2.666s] -- Found ament_cmake: 2.5.4 (/opt/ros/jazzy/share/ament_cmake/cmake)
[2.881s] -- Found Python3: /usr/bin/python3 (found version "3.12.3") found components: Interpreter 
[3.106s] -- Found rclcpp: 28.1.13 (/opt/ros/jazzy/share/rclcpp/cmake)
[3.331s] -- Found rosidl_generator_c: 4.6.6 (/opt/ros/jazzy/share/rosidl_generator_c/cmake)
[3.356s] -- Found rosidl_generator_cpp: 4.6.6 (/opt/ros/jazzy/share/rosidl_generator_cpp/cmake)
[3.392s] -- Using all available rosidl_typesupport_c: rosidl_typesupport_fastrtps_c;rosidl_typesupport_introspection_c
[3.426s] -- Using all available rosidl_typesupport_cpp: rosidl_typesupport_fastrtps_cpp;rosidl_typesupport_introspection_cpp
[3.559s] -- Found rmw_implementation_cmake: 7.3.2 (/opt/ros/jazzy/share/rmw_implementation_cmake/cmake)
[3.565s] -- Found rmw_fastrtps_cpp: 8.4.3 (/opt/ros/jazzy/share/rmw_fastrtps_cpp/cmake)
[3.685s] -- Found OpenSSL: /usr/lib/x86_64-linux-gnu/libcrypto.so (found version "3.0.13")  
[3.875s] -- Found FastRTPS: /opt/ros/jazzy/include (Required is at least version "2.13") 
[3.992s] -- Using RMW implementation 'rmw_fastrtps_cpp' as default
[4.256s] -- Found rclpy: 7.1.6 (/opt/ros/jazzy/share/rclpy/cmake)
[4.259s] -- Found ament_lint_auto: 0.17.3 (/opt/ros/jazzy/share/ament_lint_auto/cmake)
[4.369s] -- Added test 'flake8' to check Python code syntax and style conventions
[4.369s] -- Configured 'flake8' exclude dirs and/or files: 
[4.370s] -- Added test 'lint_cmake' to check CMake code style
[4.371s] -- Added test 'pep257' to check Python code against some of the docstring style conventions in PEP 257
[4.372s] -- Added test 'xmllint' to check XML markup files
[4.374s] -- Configuring done (3.9s)
[4.380s] -- Generating done (0.0s)
[4.383s] -- Build files have been written to: /home/ros2/ros2_ws/src/pincerRover/build/bringup
[4.394s] Invoked command in '/home/ros2/ros2_ws/src/pincerRover/build/bringup' returned '0': CMAKE_PREFIX_PATH=${CMAKE_PREFIX_PATH}:/home/ros2/ros2_ws/install/safety_field:/home/ros2/ros2_ws/install/ros_path_planning_py:/home/ros2/ros2_ws/install/ros2_aruco:/home/ros2/ros2_ws/install/python_test_ros2:/home/ros2/ros2_ws/install/manipulator:/home/ros2/ros2_ws/install/mpu6886:/home/ros2/ros2_ws/install/ackermann_drive_odom:/home/ros2/ros2_ws/install/ackermann_drive:/opt/ros/jazzy /usr/bin/cmake /home/ros2/ros2_ws/src/pincerRover/bringup -DCMAKE_INSTALL_PREFIX=/home/ros2/ros2_ws/src/pincerRover/install/bringup
[4.394s] Invoking command in '/home/ros2/ros2_ws/src/pincerRover/build/bringup': CMAKE_PREFIX_PATH=${CMAKE_PREFIX_PATH}:/home/ros2/ros2_ws/install/safety_field:/home/ros2/ros2_ws/install/ros_path_planning_py:/home/ros2/ros2_ws/install/ros2_aruco:/home/ros2/ros2_ws/install/python_test_ros2:/home/ros2/ros2_ws/install/manipulator:/home/ros2/ros2_ws/install/mpu6886:/home/ros2/ros2_ws/install/ackermann_drive_odom:/home/ros2/ros2_ws/install/ackermann_drive:/opt/ros/jazzy /usr/bin/cmake --build /home/ros2/ros2_ws/src/pincerRover/build/bringup -- -j12 -l12
[4.438s] Invoked command in '/home/ros2/ros2_ws/src/pincerRover/build/bringup' returned '0': CMAKE_PREFIX_PATH=${CMAKE_PREFIX_PATH}:/home/ros2/ros2_ws/install/safety_field:/home/ros2/ros2_ws/install/ros_path_planning_py:/home/ros2/ros2_ws/install/ros2_aruco:/home/ros2/ros2_ws/install/python_test_ros2:/home/ros2/ros2_ws/install/manipulator:/home/ros2/ros2_ws/install/mpu6886:/home/ros2/ros2_ws/install/ackermann_drive_odom:/home/ros2/ros2_ws/install/ackermann_drive:/opt/ros/jazzy /usr/bin/cmake --build /home/ros2/ros2_ws/src/pincerRover/build/bringup -- -j12 -l12
[4.439s] Invoking command in '/home/ros2/ros2_ws/src/pincerRover/build/bringup': CMAKE_PREFIX_PATH=${CMAKE_PREFIX_PATH}:/home/ros2/ros2_ws/install/safety_field:/home/ros2/ros2_ws/install/ros_path_planning_py:/home/ros2/ros2_ws/install/ros2_aruco:/home/ros2/ros2_ws/install/python_test_ros2:/home/ros2/ros2_ws/install/manipulator:/home/ros2/ros2_ws/install/mpu6886:/home/ros2/ros2_ws/install/ackermann_drive_odom:/home/ros2/ros2_ws/install/ackermann_drive:/opt/ros/jazzy /usr/bin/cmake --install /home/ros2/ros2_ws/src/pincerRover/build/bringup
[4.447s] -- Install configuration: ""
[4.448s] -- Installing: /home/ros2/ros2_ws/src/pincerRover/install/bringup/share/ament_index/resource_index/package_run_dependencies/bringup
[4.449s] -- Installing: /home/ros2/ros2_ws/src/pincerRover/install/bringup/share/ament_index/resource_index/parent_prefix_path/bringup
[4.449s] -- Installing: /home/ros2/ros2_ws/src/pincerRover/install/bringup/share/bringup/environment/ament_prefix_path.sh
[4.450s] -- Installing: /home/ros2/ros2_ws/src/pincerRover/install/bringup/share/bringup/environment/ament_prefix_path.dsv
[4.450s] -- Installing: /home/ros2/ros2_ws/src/pincerRover/install/bringup/share/bringup/environment/path.sh
[4.450s] -- Installing: /home/ros2/ros2_ws/src/pincerRover/install/bringup/share/bringup/environment/path.dsv
[4.450s] -- Installing: /home/ros2/ros2_ws/src/pincerRover/install/bringup/share/bringup/local_setup.bash
[4.451s] -- Installing: /home/ros2/ros2_ws/src/pincerRover/install/bringup/share/bringup/local_setup.sh
[4.451s] -- Installing: /home/ros2/ros2_ws/src/pincerRover/install/bringup/share/bringup/local_setup.zsh
[4.451s] -- Installing: /home/ros2/ros2_ws/src/pincerRover/install/bringup/share/bringup/local_setup.dsv
[4.451s] -- Installing: /home/ros2/ros2_ws/src/pincerRover/install/bringup/share/bringup/package.dsv
[4.451s] -- Installing: /home/ros2/ros2_ws/src/pincerRover/install/bringup/share/ament_index/resource_index/packages/bringup
[4.452s] -- Installing: /home/ros2/ros2_ws/src/pincerRover/install/bringup/share/bringup/cmake/bringupConfig.cmake
[4.452s] -- Installing: /home/ros2/ros2_ws/src/pincerRover/install/bringup/share/bringup/cmake/bringupConfig-version.cmake
[4.452s] -- Installing: /home/ros2/ros2_ws/src/pincerRover/install/bringup/share/bringup/package.xml
[4.455s] Invoked command in '/home/ros2/ros2_ws/src/pincerRover/build/bringup' returned '0': CMAKE_PREFIX_PATH=${CMAKE_PREFIX_PATH}:/home/ros2/ros2_ws/install/safety_field:/home/ros2/ros2_ws/install/ros_path_planning_py:/home/ros2/ros2_ws/install/ros2_aruco:/home/ros2/ros2_ws/install/python_test_ros2:/home/ros2/ros2_ws/install/manipulator:/home/ros2/ros2_ws/install/mpu6886:/home/ros2/ros2_ws/install/ackermann_drive_odom:/home/ros2/ros2_ws/install/ackermann_drive:/opt/ros/jazzy /usr/bin/cmake --install /home/ros2/ros2_ws/src/pincerRover/build/bringup
