running egg_info
creating ../../../build/ackermann_drive/ackermann_drive.egg-info
writing ../../../build/ackermann_drive/ackermann_drive.egg-info/PKG-INFO
writing dependency_links to ../../../build/ackermann_drive/ackermann_drive.egg-info/dependency_links.txt
writing entry points to ../../../build/ackermann_drive/ackermann_drive.egg-info/entry_points.txt
writing requirements to ../../../build/ackermann_drive/ackermann_drive.egg-info/requires.txt
writing top-level names to ../../../build/ackermann_drive/ackermann_drive.egg-info/top_level.txt
writing manifest file '../../../build/ackermann_drive/ackermann_drive.egg-info/SOURCES.txt'
reading manifest file '../../../build/ackermann_drive/ackermann_drive.egg-info/SOURCES.txt'
writing manifest file '../../../build/ackermann_drive/ackermann_drive.egg-info/SOURCES.txt'
running build
running build_py
creating /home/ros2/ros2_ws/src/pincerRover/build/ackermann_drive/build
creating /home/ros2/ros2_ws/src/pincerRover/build/ackermann_drive/build/lib
creating /home/ros2/ros2_ws/src/pincerRover/build/ackermann_drive/build/lib/ackermann_drive
copying ackermann_drive/__init__.py -> /home/ros2/ros2_ws/src/pincerRover/build/ackermann_drive/build/lib/ackermann_drive
copying ackermann_drive/drive_node.py -> /home/ros2/ros2_ws/src/pincerRover/build/ackermann_drive/build/lib/ackermann_drive
running install
running install_lib
creating /home/ros2/ros2_ws/src/pincerRover/install/ackermann_drive/lib/python3.12/site-packages/ackermann_drive
copying /home/ros2/ros2_ws/src/pincerRover/build/ackermann_drive/build/lib/ackermann_drive/__init__.py -> /home/ros2/ros2_ws/src/pincerRover/install/ackermann_drive/lib/python3.12/site-packages/ackermann_drive
copying /home/ros2/ros2_ws/src/pincerRover/build/ackermann_drive/build/lib/ackermann_drive/drive_node.py -> /home/ros2/ros2_ws/src/pincerRover/install/ackermann_drive/lib/python3.12/site-packages/ackermann_drive
byte-compiling /home/ros2/ros2_ws/src/pincerRover/install/ackermann_drive/lib/python3.12/site-packages/ackermann_drive/__init__.py to __init__.cpython-312.pyc
byte-compiling /home/ros2/ros2_ws/src/pincerRover/install/ackermann_drive/lib/python3.12/site-packages/ackermann_drive/drive_node.py to drive_node.cpython-312.pyc
running install_data
creating /home/ros2/ros2_ws/src/pincerRover/install/ackermann_drive/share/ament_index
creating /home/ros2/ros2_ws/src/pincerRover/install/ackermann_drive/share/ament_index/resource_index
creating /home/ros2/ros2_ws/src/pincerRover/install/ackermann_drive/share/ament_index/resource_index/packages
copying resource/ackermann_drive -> /home/ros2/ros2_ws/src/pincerRover/install/ackermann_drive/share/ament_index/resource_index/packages
copying package.xml -> /home/ros2/ros2_ws/src/pincerRover/install/ackermann_drive/share/ackermann_drive
running install_egg_info
Copying ../../../build/ackermann_drive/ackermann_drive.egg-info to /home/ros2/ros2_ws/src/pincerRover/install/ackermann_drive/lib/python3.12/site-packages/ackermann_drive-0.0.0-py3.12.egg-info
running install_scripts
Installing drive_node script to /home/ros2/ros2_ws/src/pincerRover/install/ackermann_drive/lib/ackermann_drive
writing list of installed files to '/home/ros2/ros2_ws/src/pincerRover/build/ackermann_drive/install.log'
